I'm sorry, but errors were detected in your script. Please correct the
errors listed below, and try again.


File "game/screens.rpy", line 294: the yalign keyword argument was not given a value.
    yalign = 0.5
           ^

Ren'Py Version: Ren'Py 8.3.2.24090902
Sun Sep 29 23:14:23 2024
